[hub prep] [BACKED] spec=hvg_pearson_residuals_a_uncapped_v08_ood  flavor=pearson_residuals  n_top=1000
[hub prep] holdout=['CL:0000625']  random_state=0
[hub prep] output -> /n/holylabs/mooney_lab/Lab/junyizhou/speciesOT/cellot/cellot_gpu/datasets/speciesot-human-mouse-hvg/hvg_pearson_residuals_a_uncapped_v08.h5ad
[hub prep]   reading obs['cell_type_ontology_term_id', 'tissue_ontology_term_id', 'assay', 'assay_ontology_term_id'] from mouse: /n/holylabs/mooney_lab/Lab/joshprice/speciesOT/data/tabula_muris/tabula_muris_all.h5ad
[hub prep]     mouse: obs subset rows=356213, cols=['cell_type_ontology_term_id', 'tissue_ontology_term_id', 'assay', 'assay_ontology_term_id']
[hub prep]   reading obs['cell_type_ontology_term_id', 'tissue_ontology_term_id', 'assay', 'assay_ontology_term_id'] from human: /n/holylabs/mooney_lab/Lab/joshprice/speciesOT/data/tabula_sapiens/tabula_sapiens_all.h5ad
[hub prep]     human: obs subset rows=1136218, cols=['cell_type_ontology_term_id', 'tissue_ontology_term_id', 'assay', 'assay_ontology_term_id']
[hub prep]   assay filter [mouse]: keep ['chromium_v2'] -> 245389/356213 cells
[hub prep]   assay filter [human]: keep ['chromium_v3'] -> 1025717/1136218 cells
[hub prep]   matched: 44880 pairs per species (post-assay-filter)
[hub prep]   mouse: read full obs subset, shape=(44880, 32)
[hub prep]   human: read full obs subset, shape=(44880, 50)
[hub prep]     mouse: materialized raw subset shape (44880, 18024)
[hub prep]     human: materialized raw subset shape (44880, 61759)
[hub prep]   aligned: mouse (44880, 14451)  human (44880, 14451)
[hub prep]   matched_full (89760, 14451) (.X log-normalized, counts in layer)
[hub prep]   HVG on 88020 train-eligible cells (holdout 1740 kept)
[hub prep]   selected 1000 HVG
[hub prep] round-trip to anndata 0.7 via /n/home01/jzhou1125/.conda/envs/CellOT/bin/python
[hub prep]   round-trip ok (anndata 0.7.6 shape (89760, 1000))
[hub prep] verification:
[hub prep]   shape=(89760, 1000)  layers=0 (expect 0)
[hub prep]   X min=0.0000 max=8.9764 mean=0.4197
[hub prep]   obs columns: ['cell_type', 'cell_type_ontology_term_id', 'condition', 'donor_id', 'species', 'tissue', 'tissue_ontology_term_id']
[hub prep]   condition counts: {'mouse': 44880, 'human': 44880}
[hub prep] [BACKED] DONE in 160.2s -> /n/holylabs/mooney_lab/Lab/junyizhou/speciesOT/cellot/cellot_gpu/datasets/speciesot-human-mouse-hvg/hvg_pearson_residuals_a_uncapped_v08.h5ad
